error[E1004]: secret value cannot be JSON-encoded
  --> invalid_secret_to_json.ai:2:12
  note: sink `res.json` rejects `Secret<_>` values
  note: argument 1 has type `Secret<String>`
  note: origin: identifier `token` carries type `Secret<String>`
  note: return a redacted or derived non-secret value
