error[E1003]: secret value cannot be logged
  --> invalid_secret_to_log.ai:2:12
  note: sink `log.info` rejects `Secret<_>` values
  note: argument 1 has type `Secret<String>`
  note: origin: identifier `token` carries type `Secret<String>`
  note: use `redact(secret)` or remove the secret from log payload
