error[E1002]: untrusted value cannot flow into SQL sink
  --> invalid_untrusted_helper_identifier_to_sql_origin_hint.ai:7:16
  note: sink `db.exec` requires trusted SQL inputs
  note: argument 2 has type `Untrusted<String>`
  note: origin: value comes from call `req.query(...)` via forwarding chain `getRaw -> req.query`
  note: validate input and construct typed `SqlQuery`
