error[E2002]: effect forbidden by policy
  --> invalid_secret_reveal_missing_secret.ut:1:35
  note: effect `secrets.reveal` is forbidden by the active policy

error[E2002]: effect forbidden by policy
  --> invalid_secret_reveal_missing_secret.ut:1:59
  note: function `bad` uses forbidden effect `secrets.reveal` under active policy

error[E4001]: secret reveal call has invalid argument shape
  --> invalid_secret_reveal_missing_secret.ut:2:3
  note: use `secrets.reveal(secretsCap, secret)` or `secrets.reveal(ctx, secretsCap, secret)`
