error[E2002]: effect forbidden by policy
  --> invalid_secret_reveal_value_argument_type.ut:1:50
  note: effect `secrets.reveal` is forbidden by the active policy

error[E2002]: effect forbidden by policy
  --> invalid_secret_reveal_value_argument_type.ut:1:74
  note: function `bad` uses forbidden effect `secrets.reveal` under active policy

error[E4001]: secret reveal value argument must be `Secret<_>`
  --> invalid_secret_reveal_value_argument_type.ut:2:23
  note: found `String`
  note: use `secrets.reveal(secretsCap, secret)` or `secrets.reveal(ctx, secretsCap, secret)`
