error[E1004]: secret value cannot be JSON-encoded
  --> invalid_secret_to_json.ut:2:12
  note: sink `res.json` rejects `Secret<_>` values
  note: argument 1 has type `Secret<String>`
  note: origin: identifier `token` carries type `Secret<String>`
  note: return a redacted or derived non-secret value

error[E4004]: json response encoding requires explicit schema argument
  --> invalid_secret_to_json.ut:2:3
  note: strict mode requires `res.json(schema, value)` or `res.json(status, schema, value)`
  note: set `json.require_schema_for_encode = false` in policy to disable strict mode
