error[E2002]: effect forbidden by policy
  --> invalid_secret_reveal_context_argument_type.ut:1:58
  note: effect `secrets.reveal` is forbidden by the active policy

error[E2002]: effect forbidden by policy
  --> invalid_secret_reveal_context_argument_type.ut:1:82
  note: function `bad` uses forbidden effect `secrets.reveal` under active policy

error[E4001]: secret reveal context argument must be `Ctx`
  --> invalid_secret_reveal_context_argument_type.ut:2:18
  note: found `Int`
  note: use `secrets.reveal(ctx, secretsCap, secret)` for context-first calls
