error[E1005]: secret value cannot flow into header/cookie sink
  --> invalid_secret_to_header.ut:2:23
  note: sink `res.setHeader` rejects `Secret<_>` values
  note: argument 2 has type `Secret<String>`
  note: origin: identifier `token` carries type `Secret<String>`
  note: use redacted/derived values and validated header or cookie builders

error[E4001]: res.setHeader value must be `HeaderValue`
  --> invalid_secret_to_header.ut:2:23
  note: found `Secret<String>`
  note: construct value with `headers.value(...)`
