error[E2002]: filesystem is disabled by active policy
  --> invalid_fs_read_context_argument_type.ut:2:3
  note: filesystem calls are blocked because `[fs].enabled` is `false` in the active policy
  note: enable filesystem in `sec4.policy`:
[fs]
enabled = true

error[E4001]: fs sink context argument must be `Ctx`
  --> invalid_fs_read_context_argument_type.ut:2:11
  note: found `Int`
  note: use `fs.read(ctx, fsCap, path)` for context-first `fs.read` calls
